// Jest Snapshot v1, https://goo.gl/fbAQLP

exports[`basic snapshot 1`] = `
<div
  className="MuiGrid-container-4 MediaGallery-root-1"
>
  <div
    className="MuiGrid-item-5 MuiGrid-grid-xs-12-42 MuiGrid-grid-sm-12-55"
  >
    <div
      className="MediaGallery-featured-2"
    >
      <div
        className="Img-imgWrapper-95 "
      >
        <img
          alt=""
          className="Img-img-97 Img-imgLoading-99 "
          src="/resources/placeholder.gif"
        />
      </div>
    </div>
    <div
      className="MuiGrid-container-4 MuiGrid-spacing-xs-8-25"
    >
      <div
        className="MuiGrid-item-5 MuiGrid-grid-xs-3-33 MuiGrid-grid-sm-2-45"
      >
        <button
          className="MuiButtonBase-root-102 MediaGalleryItem-root-101"
          disabled={undefined}
          onBlur={[Function]}
          onClick={[Function]}
          onFocus={[Function]}
          onKeyDown={[Function]}
          onKeyUp={[Function]}
          onMouseDown={[Function]}
          onMouseLeave={[Function]}
          onMouseUp={[Function]}
          onTouchEnd={[Function]}
          onTouchMove={[Function]}
          onTouchStart={[Function]}
          tabIndex="0"
          type="button"
        >
          <div
            className="Img-imgWrapper-95 "
          >
            <img
              alt=""
              className="Img-img-97 Img-imgLoading-99 "
              src="/resources/placeholder.gif"
            />
          </div>
          <span
            className="MuiTouchRipple-root-105"
          />
        </button>
      </div>
      <div
        className="MuiGrid-item-5 MuiGrid-grid-xs-3-33 MuiGrid-grid-sm-2-45"
      >
        <button
          className="MuiButtonBase-root-102 MediaGalleryItem-root-101"
          disabled={undefined}
          onBlur={[Function]}
          onClick={[Function]}
          onFocus={[Function]}
          onKeyDown={[Function]}
          onKeyUp={[Function]}
          onMouseDown={[Function]}
          onMouseLeave={[Function]}
          onMouseUp={[Function]}
          onTouchEnd={[Function]}
          onTouchMove={[Function]}
          onTouchStart={[Function]}
          tabIndex="0"
          type="button"
        >
          <div
            className="Img-imgWrapper-95 "
          >
            <img
              alt=""
              className="Img-img-97 Img-imgLoading-99 "
              src="/resources/placeholder.gif"
            />
          </div>
          <span
            className="MuiTouchRipple-root-105"
          />
        </button>
      </div>
    </div>
  </div>
</div>
`;
