// Jest Snapshot v1, https://goo.gl/fbAQLP

exports[`tagGrid secondlevel tag 1`] = `
<div
  className="Breadcrumbs-container-1"
>
  <a
    className="WithTracking-Link--link-4"
    href="/"
    onClick={[Function]}
    onKeyDown={[Function]}
    role="link"
    tabIndex={0}
    tracking={
      Object {
        "getTrackingData": [Function],
        "trackEvent": [Function],
      }
    }
  >
    <span
      className="Breadcrumbs-breadcrumbLink-2"
    >
      Home
    </span>
  </a>
  <svg
    aria-hidden="true"
    className="MuiSvgIcon-root-5 Breadcrumbs-breadcrumbIcon-3"
    color={undefined}
    focusable="false"
    viewBox="0 0 24 24"
  >
    <g>
      <path
        d="M8.59,16.58L13.17,12L8.59,7.41L10,6L16,12L10,18L8.59,16.58Z"
      />
    </g>
  </svg>
  <a
    className="WithTracking-Link--link-4"
    href="/tag/tag-a"
    onClick={[Function]}
    onKeyDown={[Function]}
    role="link"
    tabIndex={0}
    tracking={
      Object {
        "getTrackingData": [Function],
        "trackEvent": [Function],
      }
    }
  >
    <span
      className="Breadcrumbs-breadcrumbLink-2"
    >
      Tag A
    </span>
  </a>
  <svg
    aria-hidden="true"
    className="MuiSvgIcon-root-5 Breadcrumbs-breadcrumbIcon-3"
    color={undefined}
    focusable="false"
    viewBox="0 0 24 24"
  >
    <g>
      <path
        d="M8.59,16.58L13.17,12L8.59,7.41L10,6L16,12L10,18L8.59,16.58Z"
      />
    </g>
  </svg>
  <a
    className="WithTracking-Link--link-4"
    href="/tag/tag-a-1"
    onClick={[Function]}
    onKeyDown={[Function]}
    role="link"
    tabIndex={0}
    tracking={
      Object {
        "getTrackingData": [Function],
        "trackEvent": [Function],
      }
    }
  >
    <span
      className="Breadcrumbs-breadcrumbLink-2"
    >
      Tag A-1
    </span>
  </a>
</div>
`;

exports[`tagGrid top level tag 1`] = `
<div
  className="Breadcrumbs-container-1"
>
  <a
    className="WithTracking-Link--link-4"
    href="/"
    onClick={[Function]}
    onKeyDown={[Function]}
    role="link"
    tabIndex={0}
    tracking={
      Object {
        "getTrackingData": [Function],
        "trackEvent": [Function],
      }
    }
  >
    <span
      className="Breadcrumbs-breadcrumbLink-2"
    >
      Home
    </span>
  </a>
  <svg
    aria-hidden="true"
    className="MuiSvgIcon-root-5 Breadcrumbs-breadcrumbIcon-3"
    color={undefined}
    focusable="false"
    viewBox="0 0 24 24"
  >
    <g>
      <path
        d="M8.59,16.58L13.17,12L8.59,7.41L10,6L16,12L10,18L8.59,16.58Z"
      />
    </g>
  </svg>
  <a
    className="WithTracking-Link--link-4"
    href="/tag/tag-a"
    onClick={[Function]}
    onKeyDown={[Function]}
    role="link"
    tabIndex={0}
    tracking={
      Object {
        "getTrackingData": [Function],
        "trackEvent": [Function],
      }
    }
  >
    <span
      className="Breadcrumbs-breadcrumbLink-2"
    >
      Tag A
    </span>
  </a>
</div>
`;
