// Jest Snapshot v1, https://goo.gl/fbAQLP

exports[`basic snapshot 1`] = `
<section>
  <h2
    className="MuiTypography-root-3 MuiTypography-title-9 TagGrid-title-1"
  >
    Tags
  </h2>
  <div
    className="MuiGrid-container-29 MuiGrid-spacing-xs-8-51"
  >
    <div
      className="MuiGrid-item-30"
    >
      <a
        className="Link-anchor-126"
        href="/tag/shoes"
        onClick={[Function]}
        onKeyDown={[Function]}
        role="link"
        tabIndex={0}
      >
        <div
          className="MuiChip-root-127 TagGrid-chip-2"
          onClick={undefined}
          onKeyDown={[Function]}
          onKeyUp={[Function]}
          role="button"
          tabIndex={-1}
        >
          <span
            className="MuiChip-label-146"
          >
            Shoes
          </span>
        </div>
      </a>
    </div>
    <div
      className="MuiGrid-item-30"
    >
      <a
        className="Link-anchor-126"
        href="/tag/shop"
        onClick={[Function]}
        onKeyDown={[Function]}
        role="link"
        tabIndex={0}
      >
        <div
          className="MuiChip-root-127 TagGrid-chip-2"
          onClick={undefined}
          onKeyDown={[Function]}
          onKeyUp={[Function]}
          role="button"
          tabIndex={-1}
        >
          <span
            className="MuiChip-label-146"
          >
            Shop
          </span>
        </div>
      </a>
    </div>
  </div>
</section>
`;
