// Jest Snapshot v1, https://goo.gl/fbAQLP

exports[`basic snapshot 1`] = `
<div>
  <a
    className="WithTracking-Link--link-8"
    href="/product/example-product"
    onClick={[Function]}
    onKeyDown={[Function]}
    role="link"
    tabIndex={0}
    tracking={
      Object {
        "getTrackingData": [Function],
        "trackEvent": [Function],
      }
    }
  >
    <div
      className="BadgeOverlay-badgeOverlay-9"
    >
      <div
        className="inject-ProductItem-with-uiStore-productMedia-3"
      >
        <picture
          style={
            Object {
              "opacity": 0,
              "willChange": "opacity",
            }
          }
        >
          <source
            media="(min-width: 600px)"
            srcSet="http://localhost:3000/resources/placeholder.gif"
          />
          <source
            media="(min-width: 960px)"
            srcSet="http://localhost:3000/resources/placeholder.gif"
          />
          <source
            media="(min-width: 1280px)"
            srcSet="http://localhost:3000/resources/placeholder.gif"
          />
          <img
            alt=""
            className="inject-ProductItem-with-uiStore-img-4"
            onLoad={[Function]}
            src="http://localhost:3000/resources/placeholder.gif"
          />
        </picture>
        <div
          className="inject-ProductItem-with-uiStore-imgLoading-5"
        >
          <svg
            aria-hidden="true"
            className="MuiSvgIcon-root-44 inject-ProductItem-with-uiStore-loadingIcon-6"
            color={undefined}
            focusable="false"
            viewBox="0 0 24 24"
          >
            <path
              d="M12,4V2C6.48,2 2,6.48 2,12H4C4,7.58 7.58,4 12,4Z"
            />
          </svg>
        </div>
      </div>
      <div>
        <div
          className="inject-ProductItem-with-uiStore-productInfo-2"
        >
          <aside
            className="MuiTypography-root-20 MuiTypography-body2-28"
          >
            Reaction Sample Product
          </aside>
          <p
            className="MuiTypography-root-20 MuiTypography-body1-29"
          >
            $12.99 - $19.99
          </p>
        </div>
        <div>
          <p
            className="MuiTypography-root-20 MuiTypography-body1-29"
          >
            Example Manufacturer
          </p>
        </div>
      </div>
    </div>
  </a>
</div>
`;
