// Jest Snapshot v1, https://goo.gl/fbAQLP

exports[`basic snapshot 1`] = `
<div
  className="Button__ButtonDiv-bnfrK hnpaAB"
  onClick={[Function]}
  onKeyPress={[Function]}
  role="button"
  tabIndex={0}
>
  <div>
    Checkout
  </div>
  <div
    className="Button__SpinnerWrap-bgOcuM cCKgPo"
    style={
      Object {
        "opacity": 0,
        "paddingLeft": 0,
        "width": 0,
      }
    }
  />
</div>
`;
