// Jest Snapshot v1, https://goo.gl/fbAQLP

exports[`basic snapshot 1`] = `
<div
  className="SkOrderSummary-summary-1"
>
  <div
    className="SkOrderSummary-header-2"
  >
    <div
      className="MuiGrid-container-6 MuiGrid-spacing-xs-24-30"
    >
      <div
        className="MuiGrid-item-7 MuiGrid-grid-xs-3-37"
      >
        <h3
          className="MuiTypography-root-103 MuiTypography-subheading-110 SkOrderSummary-subtitle2-5"
        >
          Payment Method
        </h3>
      </div>
      <div
        className="MuiGrid-item-7 MuiGrid-grid-xs-3-37"
      >
        <aside
          className="MuiTypography-root-103 MuiTypography-body2-111"
        >
          Example Payment
        </aside>
      </div>
    </div>
  </div>
  <hr
    className="MuiDivider-root-129"
  />
  <div
    className="OrderSummary__OrderSummaryContainer-sc-1cvbk1h-0 hsLQId"
  >
    <table
      className="CartSummary__Table-cWcArh gWGRvE"
    >
      <tbody>
        <tr>
          <td
            className="CartSummary__Td-jXBgKC jKaJQb"
          >
            Item total
          </td>
          <td
            className="CartSummary__Td-boDvWU kKknSH"
          >
            $118
          </td>
        </tr>
        <tr>
          <td
            className="CartSummary__Td-jXBgKC jKaJQb"
          >
            Shipping
          </td>
          <td
            className="CartSummary__Td-boDvWU kKknSH"
          />
        </tr>
        <tr>
          <td
            className="CartSummary__Td-jXBgKC jKaJQb"
          >
            Tax
          </td>
          <td
            className="CartSummary__Td-boDvWU kKknSH"
          >
            -
          </td>
        </tr>
        <tr>
          <td
            className="CartSummary__Td-jXBgKC grsCCy"
          >
            Order total
          </td>
          <td
            className="CartSummary__Td-boDvWU xcYQR"
          >
            <span
              className="CartSummary__Total-BZUQP bdUKHv"
            >
              $118
            </span>
          </td>
        </tr>
      </tbody>
    </table>
  </div>
</div>
`;
