// Jest Snapshot v1, https://goo.gl/fbAQLP

exports[`basic snapshot 1`] = `
<div
  className="MuiGrid-container-4 MuiGrid-spacing-xs-8-25 inject-OptionsList-with-uiStore-root-1"
>
  <div
    className="MuiGrid-item-5"
  >
    <button
      className="MuiButtonBase-root-97 ProductDetailOption-optionButton-94"
      disabled={undefined}
      onBlur={[Function]}
      onClick={[Function]}
      onFocus={[Function]}
      onKeyDown={[Function]}
      onKeyUp={[Function]}
      onMouseDown={[Function]}
      onMouseLeave={[Function]}
      onMouseUp={[Function]}
      onTouchEnd={[Function]}
      onTouchMove={[Function]}
      onTouchStart={[Function]}
      tabIndex="0"
      type="button"
    >
      <span
        className="MuiTypography-root-100 MuiTypography-body1-109 ProductDetailOption-optionText-95"
      >
        Blue
      </span>
    </button>
  </div>
  <div
    className="MuiGrid-item-5"
  >
    <button
      className="MuiButtonBase-root-97 ProductDetailOption-optionButton-94"
      disabled={undefined}
      onBlur={[Function]}
      onClick={[Function]}
      onFocus={[Function]}
      onKeyDown={[Function]}
      onKeyUp={[Function]}
      onMouseDown={[Function]}
      onMouseLeave={[Function]}
      onMouseUp={[Function]}
      onTouchEnd={[Function]}
      onTouchMove={[Function]}
      onTouchStart={[Function]}
      tabIndex="0"
      type="button"
    >
      <span
        className="MuiTypography-root-100 MuiTypography-body1-109 ProductDetailOption-optionText-95"
      >
        Red
      </span>
    </button>
  </div>
</div>
`;
