// Jest Snapshot v1, https://goo.gl/fbAQLP

exports[`basic snapshot 1`] = `
<div
  className="MuiInput-root-11 Select-input-5"
>
  <div
    className="MuiSelect-root-6"
  >
    <div
      aria-haspopup="true"
      aria-owns={null}
      aria-pressed="false"
      className="MuiSelect-select-7 MuiSelect-selectMenu-8 Select-selectMenu-3 MuiInput-input-19"
      onBlur={[Function]}
      onClick={[Function]}
      onFocus={[Function]}
      onKeyDown={[Function]}
      role="button"
      tabIndex={0}
    >
      Newest
    </div>
    <input
      aria-invalid={undefined}
      aria-required={undefined}
      autoComplete={undefined}
      autoFocus={undefined}
      defaultValue={undefined}
      id="sort-by"
      name="sortBy"
      onKeyDown={undefined}
      onKeyUp={undefined}
      placeholder={undefined}
      readOnly={undefined}
      required={undefined}
      rows={undefined}
      type="hidden"
      value="updatedAt-desc"
    />
    <svg
      aria-hidden="true"
      className="MuiSvgIcon-root-24 MuiSelect-icon-10"
      color={undefined}
      focusable="false"
      viewBox="0 0 24 24"
    >
      <path
        d="M7 10l5 5 5-5z"
      />
    </svg>
  </div>
</div>
`;
