// Jest Snapshot v1, https://goo.gl/fbAQLP

exports[`basic snapshot 1`] = `
Array [
  <div
    className="MuiGrid-container-8"
  >
    <div
      className="MuiGrid-item-9 MuiGrid-grid-xs-12-46 inject-ProductDetailAddToCart-with-uiStore-quantityGrid-5"
    >
      <div
        className="Divider-container-99"
      >
        <hr
          className="Divider-item-101"
        />
        <hr
          className="Divider-item-101"
        />
      </div>
      <span
        className="MuiTypography-root-102 MuiTypography-body1-111 inject-ProductDetailAddToCart-with-uiStore-quantityTypography-7"
      >
        Quantity
      </span>
      <div
        aria-describedby={undefined}
        className="MuiFormControl-root-126"
        onBlur={[Function]}
        onFocus={[Function]}
      >
        <div
          className="MuiInput-root-130 inject-ProductDetailAddToCart-with-uiStore-quantityContainer-4 MuiInput-formControl-131"
        >
          <div
            className="MuiInputAdornment-root-143"
          >
            <button
              className="MuiButtonBase-root-146 inject-ProductDetailAddToCart-with-uiStore-incrementButton-3"
              color="default"
              disabled={undefined}
              onBlur={[Function]}
              onClick={[Function]}
              onFocus={[Function]}
              onKeyDown={[Function]}
              onKeyUp={[Function]}
              onMouseDown={[Function]}
              onMouseLeave={[Function]}
              onMouseUp={[Function]}
              onTouchEnd={[Function]}
              onTouchMove={[Function]}
              onTouchStart={[Function]}
              tabIndex="0"
              type="button"
              variant="outlined"
            >
              <svg
                aria-hidden="true"
                className="MuiSvgIcon-root-149"
                color={undefined}
                focusable="false"
                viewBox="0 0 24 24"
              >
                <path
                  d="M19,13H5V11H19V13Z"
                />
              </svg>
              <span
                className="MuiTouchRipple-root-155"
              />
            </button>
          </div>
          <input
            aria-invalid={false}
            aria-required={false}
            autoComplete={undefined}
            autoFocus={undefined}
            className="MuiInput-input-138 inject-ProductDetailAddToCart-with-uiStore-quantityInput-6"
            defaultValue={undefined}
            disabled={false}
            id="addToCartQuantityInput"
            name={undefined}
            onBlur={[Function]}
            onChange={[Function]}
            onFocus={[Function]}
            onKeyDown={undefined}
            onKeyUp={undefined}
            placeholder={undefined}
            readOnly={undefined}
            required={undefined}
            rows={undefined}
            type="text"
            value={1}
          />
          <div
            className="MuiInputAdornment-root-143"
          >
            <button
              className="MuiButtonBase-root-146 inject-ProductDetailAddToCart-with-uiStore-incrementButton-3"
              color="default"
              disabled={undefined}
              onBlur={[Function]}
              onClick={[Function]}
              onFocus={[Function]}
              onKeyDown={[Function]}
              onKeyUp={[Function]}
              onMouseDown={[Function]}
              onMouseLeave={[Function]}
              onMouseUp={[Function]}
              onTouchEnd={[Function]}
              onTouchMove={[Function]}
              onTouchStart={[Function]}
              tabIndex="0"
              type="button"
              variant="outlined"
            >
              <svg
                aria-hidden="true"
                className="MuiSvgIcon-root-149"
                color={undefined}
                focusable="false"
                viewBox="0 0 24 24"
              >
                <path
                  d="M19,13H13V19H11V13H5V11H11V5H13V11H19V13Z"
                />
              </svg>
              <span
                className="MuiTouchRipple-root-155"
              />
            </button>
          </div>
        </div>
      </div>
    </div>
    <div
      className="MuiGrid-item-9 MuiGrid-grid-xs-12-46"
    >
      <button
        className="MuiButtonBase-root-146 inject-ProductDetailAddToCart-with-uiStore-addToCartButton-1"
        disabled={undefined}
        onBlur={[Function]}
        onClick={[Function]}
        onFocus={[Function]}
        onKeyDown={[Function]}
        onKeyUp={[Function]}
        onMouseDown={[Function]}
        onMouseLeave={[Function]}
        onMouseUp={[Function]}
        onTouchEnd={[Function]}
        onTouchMove={[Function]}
        onTouchStart={[Function]}
        tabIndex="0"
        type="button"
      >
        <span
          className="MuiTypography-root-102 MuiTypography-body1-111 inject-ProductDetailAddToCart-with-uiStore-addToCartText-2"
        >
          Add to cart
        </span>
        <span
          className="MuiTouchRipple-root-155"
        />
      </button>
    </div>
  </div>,
  <div
    className="HiddenCss-mdUp-177"
  >
    <div
      className="inject-CartPopover-with-uiStore-container-162 inject-CartPopover-with-uiStore-isContainerHidden-164"
    >
      <div
        className="MuiGrid-container-8 MuiGrid-spacing-xs-24-31 inject-CartPopover-with-uiStore-gridContainer-163"
      >
        <div
          className="MuiGrid-item-9 MuiGrid-grid-xs-12-46 inject-CartPopover-with-uiStore-containerItem-166"
        >
          <img
            alt="Item Title"
            className="inject-CartPopover-with-uiStore-addedToCartImg-167"
            src="http://placehold.it/100"
          />
          <span
            className="MuiTypography-root-102 MuiTypography-body1-111 inject-CartPopover-with-uiStore-addedToCartText-169"
          >
            10
             "
            <span
              className="inject-CartPopover-with-uiStore-addedToCartItemName-168"
            >
              Item Title
            </span>
            " added to cart
          </span>
        </div>
        <div
          className="MuiGrid-item-9 MuiGrid-grid-xs-12-46"
        >
          <a
            className="WithTracking-Link--link-185"
            href="/checkout"
            onClick={[Function]}
            onKeyDown={[Function]}
            role="link"
            tabIndex={0}
            tracking={
              Object {
                "getTrackingData": [Function],
                "trackEvent": [Function],
              }
            }
          >
            <div
              className="Button__ButtonDiv-bnfrK eloVkm"
              onClick={[Function]}
              onKeyPress={[Function]}
              role="button"
              tabIndex={0}
              title={undefined}
            >
              <div>
                Checkout
              </div>
              <div
                className="Button__SpinnerWrap-bgOcuM cCKgPo"
                style={
                  Object {
                    "opacity": 0,
                    "paddingLeft": 0,
                    "width": 0,
                  }
                }
              >
                <svg
                  className="spinner__SpinnerSvg-iBTUvT bunzNs"
                  height="40px"
                  style={
                    Object {
                      "enableBackground": "new 0 0 50 50",
                    }
                  }
                  version="1.1"
                  viewBox="0 0 50 50"
                  width="40px"
                  x="0px"
                  y="0px"
                >
                  <path
                    d="M43.935,25.145c0-10.318-8.364-18.683-18.683-18.683c-10.318,0-18.683,8.365-18.683,18.683h4.068c0-8.071,6.543-14.615,14.615-14.615c8.072,0,14.615,6.543,14.615,14.615H43.935z"
                    fill="#000"
                  >
                    <animateTransform
                      attributeName="transform"
                      attributeType="xml"
                      dur="1s"
                      from="0 25 25"
                      repeatCount="indefinite"
                      to="360 25 25"
                      type="rotate"
                    />
                  </path>
                </svg>
              </div>
            </div>
          </a>
        </div>
      </div>
    </div>
  </div>,
]
`;
