// Jest Snapshot v1, https://goo.gl/fbAQLP

exports[`basic snapshot 1`] = `
<div>
  <div
    className="ProductItem-productMedia-3"
  >
    <img
      alt={undefined}
      className="ProductItem-img-4"
      src="http://via.placeholder.com/200"
    />
  </div>
  <div
    className="ProductItem-productInfo-2"
  >
    <div>
      <aside
        className="MuiTypography-root-5 MuiTypography-body2-13"
      />
      <p
        className="MuiTypography-root-5 MuiTypography-body1-14"
      />
    </div>
    <div>
      <aside
        className="MuiTypography-root-5 MuiTypography-body2-13"
      >
        $
      </aside>
    </div>
  </div>
</div>
`;
