// Jest Snapshot v1, https://goo.gl/fbAQLP

exports[`renders with 1 level of tags 1`] = `null`;

exports[`renders with 2 levels of tags 1`] = `
<li
  className="MuiButtonBase-root-15 MuiListItem-root-5 MuiListItem-default-8 MuiListItem-gutters-12 MuiListItem-button-13 MuiMenuItem-root-3"
  color="inherit"
  onBlur={[Function]}
  onClick={[Function]}
  onFocus={[Function]}
  onKeyDown={[Function]}
  onKeyUp={[Function]}
  onMouseDown={[Function]}
  onMouseLeave={[Function]}
  onMouseUp={[Function]}
  onTouchEnd={[Function]}
  onTouchMove={[Function]}
  onTouchStart={[Function]}
  role="menuitem"
  tabIndex={-1}
>
  <div
    className="MuiListItemText-root-18"
  >
    <span
      className="MuiTypography-root-24 MuiTypography-subheading-31 MuiListItemText-primary-21"
    >
      Tag Name
    </span>
  </div>
  <svg
    aria-hidden="true"
    className="MuiSvgIcon-root-49 MuiListItemIcon-root-48"
    color={undefined}
    focusable="false"
    viewBox="0 0 24 24"
  >
    <g>
      <path
        d="M7.41,8.58L12,13.17L16.59,8.58L18,10L12,16L6,10L7.41,8.58Z"
      />
    </g>
  </svg>
  <span
    className="MuiTouchRipple-root-56"
  />
</li>
`;

exports[`renders with 3 levels of tags 1`] = `
<li
  className="MuiButtonBase-root-15 MuiListItem-root-5 MuiListItem-default-8 MuiListItem-gutters-12 MuiListItem-button-13 MuiMenuItem-root-3"
  color="inherit"
  onBlur={[Function]}
  onClick={[Function]}
  onFocus={[Function]}
  onKeyDown={[Function]}
  onKeyUp={[Function]}
  onMouseDown={[Function]}
  onMouseLeave={[Function]}
  onMouseUp={[Function]}
  onTouchEnd={[Function]}
  onTouchMove={[Function]}
  onTouchStart={[Function]}
  role="menuitem"
  tabIndex={-1}
>
  <div
    className="MuiListItemText-root-18"
  >
    <span
      className="MuiTypography-root-24 MuiTypography-subheading-31 MuiListItemText-primary-21"
    >
      Tag Name
    </span>
  </div>
  <svg
    aria-hidden="true"
    className="MuiSvgIcon-root-49 MuiListItemIcon-root-48"
    color={undefined}
    focusable="false"
    viewBox="0 0 24 24"
  >
    <g>
      <path
        d="M7.41,8.58L12,13.17L16.59,8.58L18,10L12,16L6,10L7.41,8.58Z"
      />
    </g>
  </svg>
  <span
    className="MuiTouchRipple-root-56"
  />
</li>
`;
