// Jest Snapshot v1, https://goo.gl/fbAQLP

exports[`basic snapshot 1`] = `
<a
  href="/next"
  onClick={[Function]}
  onKeyDown={[Function]}
  role="link"
  tabIndex={0}
  tracking={
    Object {
      "getTrackingData": [Function],
      "trackEvent": [Function],
    }
  }
>
  Next
</a>
`;
