// Jest Snapshot v1, https://goo.gl/fbAQLP

exports[`basic snapshot 1`] = `
<a
  className=""
  href="/next"
  onClick={[Function]}
  onKeyDown={[Function]}
  role="link"
  tabIndex={0}
>
  Linked
</a>
`;
