// Jest Snapshot v1, https://goo.gl/fbAQLP

exports[`basic snapshot 1`] = `
<aside>
  <div
    className="MuiGrid-container-1 MuiGrid-spacing-xs-24-25"
  >
    <div
      className="MuiGrid-item-2 MuiGrid-grid-xs-12-41"
    >
      <div
        className="CartItems__Items-gEXRwN gdnVAG"
      >
        <div
          className="CartItem__Item-ghDCXl cOMnbm"
        >
          <a
            href="/product-slug"
          >
            <picture>
              
              <img
                alt=""
                src="//placehold.it/100"
                style={
                  Object {
                    "display": "block",
                  }
                }
              />
            </picture>
          </a>
          <div
            className="CartItem__ItemContent-fAfWVu iOkAew"
          >
            <div
              className="CartItem__ItemContentDetail-huMIJe gVwWKq"
            >
              <div
                className="CartItem__ItemContentDetailInner-eKJgRu cjjvqv"
              >
                <div
                  className="CartItem__ItemContentDetailInfo-kmZYEG epAHLA"
                >
                  <div
                    className="CartItemDetail__Detail-xugoC bPXJMk"
                  >
                    <h3
                      className="CartItemDetail__Title-iDNyNA ckBsQI"
                    >
                      <a
                        href="/product-slug"
                      >
                        A Great Product
                      </a>
                    </h3>
                    <div
                      className="CartItemDetail__Attributes-Jfttp dEgfNx"
                    >
                      <p
                        className="CartItemDetail__Text-iQjjVf jxAYVa"
                      >
                        Patagonia
                      </p>
                      <p
                        className="CartItemDetail__Attr-cEjNLZ gFtQDZ"
                      >
                        <span>
                          Color
                          :
                        </span>
                         
                        Red
                      </p>
                      <p
                        className="CartItemDetail__Attr-cEjNLZ gFtQDZ"
                      >
                        <span>
                          Size
                          :
                        </span>
                         
                        Medium
                      </p>
                      <p
                        className="CartItemDetail__Text-iQjjVf jxAYVa"
                      >
                        Quantity: 
                        2
                      </p>
                    </div>
                  </div>
                  <div
                    className="StockWarning__Span-niCBr hrChZc"
                  >
                    Only 
                    3
                     in stock
                  </div>
                </div>
              </div>
            </div>
            <div
              className="CartItem__ItemContentPrice-lcfJQP eaPRuH"
            >
              <div>
                
                <del
                  className="Price__Del-bTXnTw juwrQs"
                >
                  $45.00
                </del>
                <span
                  className="Price__Span-cHkFMo eGYnOf"
                >
                  $20.00
                </span>
              </div>
            </div>
          </div>
        </div>
        <div
          className="CartItem__Item-ghDCXl cOMnbm"
        >
          <a
            href="/product-slug"
          >
            <picture>
              
              <img
                alt=""
                src="//placehold.it/100"
                style={
                  Object {
                    "display": "block",
                  }
                }
              />
            </picture>
          </a>
          <div
            className="CartItem__ItemContent-fAfWVu iOkAew"
          >
            <div
              className="CartItem__ItemContentDetail-huMIJe gVwWKq"
            >
              <div
                className="CartItem__ItemContentDetailInner-eKJgRu cjjvqv"
              >
                <div
                  className="CartItem__ItemContentDetailInfo-kmZYEG epAHLA"
                >
                  <div
                    className="CartItemDetail__Detail-xugoC bPXJMk"
                  >
                    <h3
                      className="CartItemDetail__Title-iDNyNA ckBsQI"
                    >
                      <a
                        href="/product-slug"
                      >
                        Another Great Product
                      </a>
                    </h3>
                    <div
                      className="CartItemDetail__Attributes-Jfttp dEgfNx"
                    >
                      <p
                        className="CartItemDetail__Text-iQjjVf jxAYVa"
                      >
                        Nike
                      </p>
                      <p
                        className="CartItemDetail__Attr-cEjNLZ gFtQDZ"
                      >
                        <span>
                          Color
                          :
                        </span>
                         
                        Black
                      </p>
                      <p
                        className="CartItemDetail__Attr-cEjNLZ gFtQDZ"
                      >
                        <span>
                          Size
                          :
                        </span>
                         
                        10
                      </p>
                      <p
                        className="CartItemDetail__Text-iQjjVf jxAYVa"
                      >
                        Quantity: 
                        1
                      </p>
                    </div>
                  </div>
                </div>
              </div>
            </div>
            <div
              className="CartItem__ItemContentPrice-lcfJQP eaPRuH"
            >
              <div>
                
                <span
                  className="Price__Span-cHkFMo eGYnOf"
                >
                  $78.00
                </span>
              </div>
            </div>
          </div>
        </div>
      </div>
    </div>
    <div
      className="MuiGrid-item-2 MuiGrid-grid-xs-12-41"
    >
      <table
        className="CartSummary__Table-cWcArh gWGRvE"
      >
        <tbody>
          <tr>
            <td
              className="CartSummary__Td-jXBgKC jKaJQb"
            >
              Item total
            </td>
            <td
              className="CartSummary__Td-boDvWU kKknSH"
            >
              $118
            </td>
          </tr>
          <tr>
            <td
              className="CartSummary__Td-jXBgKC jKaJQb"
            >
              Shipping
            </td>
            <td
              className="CartSummary__Td-boDvWU kKknSH"
            />
          </tr>
          <tr>
            <td
              className="CartSummary__Td-jXBgKC jKaJQb"
            >
              Tax
            </td>
            <td
              className="CartSummary__Td-boDvWU kKknSH"
            >
              -
            </td>
          </tr>
          <tr>
            <td
              className="CartSummary__Td-jXBgKC grsCCy"
            >
              Order total
            </td>
            <td
              className="CartSummary__Td-boDvWU xcYQR"
            >
              <span
                className="CartSummary__Total-BZUQP bdUKHv"
              >
                $118
              </span>
            </td>
          </tr>
        </tbody>
      </table>
    </div>
  </div>
</aside>
`;
