// Jest Snapshot v1, https://goo.gl/fbAQLP

exports[`Img snapshot 1`] = `
<div
  className="SkImg-imgWrapper-1 "
>
  <img
    alt=""
    className="SkImg-img-3 SkImg-imgLoading-5 "
    src=""
  />
</div>
`;
